// Jest Snapshot v1, https://goo.gl/fbAQLP

exports[`TheDate Component renders the UI as expected 1`] = `
<div>
   
  3/23/2019, 4:43:27 PM
</div>
`;
